EN hex_to_7seg NULL /home/lab661/Documents/xjurek04/Digital-Electronics-1/LABS/hex_to_segment/hex_to_7seg.vhd sub00/vhpl00 1582195863
EN top NULL /home/lab661/Documents/xjurek04/Digital-Electronics-1/LABS/hex_to_segment/top.vhd sub00/vhpl02 1582195865
AR hex_to_7seg behavioral /home/lab661/Documents/xjurek04/Digital-Electronics-1/LABS/hex_to_segment/hex_to_7seg.vhd sub00/vhpl01 1582195864
AR top behavioral /home/lab661/Documents/xjurek04/Digital-Electronics-1/LABS/hex_to_segment/top.vhd sub00/vhpl03 1582195866
